gAAAAABn0MXSsQdb20IiKaXq-NpZckEdzYZnMBXYifdJkk906u4fxM2ZnaHbjBsUp1KHl6Z68YcPp3csz6GzYj398CeyKIZfN8l1O0g5cjN1SztA5MZEh1B3JVGH5T-aAZO5lpZxd7Ou
gAAAAABn0MX8TCPlmKQPaisTeHWjVNUUOh__6kdrrh0Fzd6epPOFm5ORjyDqVb2yIshyJp3jQrPkE9RJILGja-IJZKQ7IVwR7chQuREfvBdDqJ6RknaX3e7BYkY5HajSahaMDxITpK_0
gAAAAABn0MYiUBEkomQ2UayEG2EJQww3wVsXiND-4Q4AmNY0XLj861ZZp2SUQ6rWAvCzs27ptKQDFcN39GLyBH_gxUGqQlbjWVwGjsP240YZp9zY0t4WG3RTQwxTq4-ilwLb_o-MT2J4
gAAAAABn0MZpFum3Mj61TCfzCfgWHbvOvS7ZyEQS27BbRXoa7bIwOGWtzK3drDIHDdjzucGN1JZofU6jc4HmJjK9q5oRckFsC1kzkOkz3PBo4JJpxWR6s912bIBfvhuMtoi5u2hT2kLs
gAAAAABn0MZ0sdCjh3-YlTHKohWs4yYR51VAvppEI1eUOlzodsMtl0pt3NrjgrMXFqe3tKOLPFOZfz9H5pTpI9N6p5mK9gfJNtpDf9ucUWnJ-2VNNdGIrEcqdE7RQXDqc4XfE1lAptRA
gAAAAABn0MZ8_-FJMK24s70oaQlbnvJNhp9hN7oKaTsWGWaydvuHldi-HY9ipOTB0xaGOJ6Vc_-QNj6MGCzk92nMm9Ltl0p9qE9wht5xgkHSxINTXH7ztTqOuzhmKTYQBfLLssba71Zy
gAAAAABn0McTbm51L7BCY4tBGqZFE6lsC2xMxpe_uYhgt6ay-aWjzImtq_PryBoUr1eit9GRc6gsNu-VppPj0Ii0fLA_txybR-kii2dYYFtXaXRy0crafv4t3v3I_nr9hsfq8kLfC-9t
gAAAAABn0MckxDK6M91rZpQBaage6kUqNHk3XvjLSAU6GOJhzsRcBUbFG-eDoaAeXq8mBJZV1A1KnIqdKJMu5hcpCsKKTvLJSjnGpRQtaqw_krd4TBSPdp_sClrKVyy-g7wHVBezSNH_
gAAAAABn0McsQ1m4L8YKFVfMnjEjVV7XvEAvXyBhDOunZF5lwgnVpRBJVrzXC7ujniOFGph1zwGRV3sP7nR1Jci5CY7IO_Qzue494nncQGs9fSG8UhKTUwpptfjHYf8LyRrUJIzGeVac
gAAAAABn0Mcx5mVPZoI_C35_wz-AoHaHSGjBkRbXr08m2qKXd8bRIqX9csKXSjocfBVUh020BP6wz5W33fRXDBQt1I4mqElOusRalllhWQGKDZBwaHuYwFLxyS2BsMP4ucN82meBJH3M
gAAAAABn0MiLcNxhYQMkgU-slqrY36cDk5sWNY0nViJ6Q0RX5JIDpI6FAgVWTnOwkyYtJ8nY9_AfaMKmeNvtUF-7UMS1xnb-TrvsFR0k-n6u0gPg44dS2dtAQRd6-ngcqv-xrloFQCJa
gAAAAABn0MiS2sVfu7tgCSm674q62JYYXiMoxh8VQdiQVyOFR713oqGVwtuMHJcdbA84mH0NW2qa0bCiUpvz7TA4CAKt_lgFPuZbmzorfR-Y95-sbAwaQJH6Nrdt4GDpciCwK8tMBuiW
gAAAAABn0MiWhw9rZTPIcklMmN1zqgBNvPsOC4LCiAN6aCswHT0DCTpSvG6YwhAKUhDD_A_s9u4seNUx5v242Pzsd8TsBB0qPEAwPS2sOUgbELUmvM316iMVX8D2wp2Q-7aVGNFv23QI
gAAAAABn0MidsJokGFURbcDkTbWvZ9ZLVuVSsmotFV-YctsRuyAm7GjUjs3GWwFsNZs9mqI1do6S07DQHN6Buogn7bKL1SPi3htAiop5Gm4R9qiJn0is2GLm35zV5WluISgmpAa-cLzv
gAAAAABn0MikvTsTGyBKGj9_6OrP0_JT5kdHOEHUMBiYRe6ZskB6nYrmG_aL71FEB5N3wJllpl9DSV1XjLcr0ZDSNIIlQ_CMZZEriXMQHq86r16gE43Vu6ViJVGYXMZT4zND277aWlLW
gAAAAABn0Mio3rmAW5BsgkPESbjRtkw1232ykGjqS-i7gcAr9ZfAKvcckmUa5QOoZ7Qksp72FewRUV33w1mS8kG2vpZihdQn6CdtOOhYgHbBqMfYpNRk0c6iqd65QjeH_wjK5a9HKKeT
gAAAAABn0MisGPqI_VUEbuqtAZoj1wk9B_9DWbgF8d3ZpE4P-Mz0RS1hFMsKrkTpzYj79jxd7QH9Io4Hkq4p21csDhQsvYIYhqWOm4vEQ3ApHXjaVBV2rwn7Yxff2-tw2_-05MHFdqU_
gAAAAABn0Mi1ZLOuoRd-Kdv1VBIOQ3thYmQuqHUn7nGtEjF5leeSiz1izYbpAk3mjuCKULQvFgTC8QXmvgM4ilhvFOV__Lw8bbp4esjuaUl92fMB3ciMGVCnHiex8XlXbYz_15OBtuBX
gAAAAABn0Mi9UEWqp4A2X0T0G520SlLamxvv6rGIc2yEvE6QW4ZgKIDdPqIeTnjk22qiBOjYoj2_ii7VG8-GClSifJk6isQV_zy66pZsIkTvdFEK69faYNt_RwZZG63OGB0Gu3Db7TCy
gAAAAABn0MjAfQ3MIQcGy3oXJ0yjUKX8dgdkaIpnbrsMl2nTrZpm2wlk1x6n1NCnCuht7Oq0qpKkyzdiXDYEEbJZy_EqxSJiiKvHx7VvOVTSGsZKnQ1tejwrrPQmbYqjEFmyOB4TYrot
gAAAAABn0MjC924qGbfuiVQmhmHvLWx-6Noq7TQXgvdkbek7Ox3f_fEYsEG3oolP0A5DLoJs3MPVOGdEc6HkabBCzW_tixM3Kdd4dULEj3u4UA4ONKBD8m08V7X6RTH8TZ9eegDr34Lz
gAAAAABn0MjET0hOReqWhq_Cl0Tstv8uXvtdZPyfk6bq9Ej8PoaGXJjcnhSA6f4EBZkCYdukdanGGr99HD3exD-Chx4J7tpWSG6dn47PchSJcZMyrykplllx6TvTZIDCHoxQCT4B_27j
gAAAAABn0MjHpL_aEDo3d0q12FMgqJoJdeucYKDYb4PJkETToaP1caPKNrCEGyrCKbfIO0G56Q4EsEVNM0VaIXgFPo41TKa9y222CwqCa9VugnxtPw09xgTFKLhzRNXelgwrNVIkJPXx
gAAAAABn0MjIST_10x4zBIiKJJaZtBGC0EBf1g-P44Ct6ILOyHYt9dxT7PSaKJ0JlRk9gabjUVYbgvjeA2xO1KsbZiRI_aveDAcaTYE4KHRy4m_rvB6MtxaPzY-EHwr0Nrb1LaNv13Pg
gAAAAABn0MjPD51Yz34AL2P9DQP_z3V2nzcdhUd9wsJRLIrJdYavK1BvWiOuNTM0aI2Yeaz3n1WspaQ1hbw_j6dZ_jL4PIOvZ1eBC1jdxXnpT08wq9vHgcu4O9FDnLdJcMzX_bbaUlTg
gAAAAABn3zonjhnZlreLyqrciMWdFWrjXyDRPo00A304hgkQQzLu0j8Ni5scxfPog-D16Ycx4aOfW4pjqnLtW8_qhWXUdidkmBzlaOlOewsHYc7v1xxWiUm5jzZ2Xm4xxrWyl64Jjp4C
gAAAAABn3zoupHjYRGLBt9a3NqDPddS49HfQZPTHEMIKsX4opKG6SS3SoM1jyS-uC73QvvwplxtWAr0c37jjWjgdVkFtZVog2i1fwayhViOPOl7clVJm7Q2j7nEFFMZg7W4uEvH22RhJ
gAAAAABn3zoxRrHFHYTbsqBWBfbIyKuatmUfMygam1ZbyW7fiap01bQ_0enFcGI2rFYApb6KWlOUOS_YUmVlf1aQmE4_Qznu5fy2NEU5i8F8uUUjnsjGRvN9b6YzeiJwTvpfE5pAaqK8
gAAAAABn3zozrh12xQtCTgCbMFVWglcmwear0dP3ZGKpH4SIaiujQAKqBfSAPJJoM0zN9snNpH3b50qC1jpX-UfHA6hButx_joZ1psR98iVsBCKRJi_jMk3aGpWFSaKGp-QqDHeEtIXt
gAAAAABn3zo10p3zC9mIpN0zzPeCa0iozYM78bEwuuToh6JHhG55TxhxlZ-h0J8kJF7_Pi0Ry7XDysTIq_NB1WP9NUij4gpBAG3kZtPsnt394wwPUKAXuHyHloMUVjJDh2p_TS6JOZxI
gAAAAABn3zpTy0xzeRq8-RnSpyE6AcXFYU-SExzpT6QL2euhTdKu3nYWUYln8PGHMwuk_pFOfNsUQlWiuQ_hmdEpMWkzF74Rfwl09WaqTO3NwE9eKCE-gVwNuLGzR0FrTd4x8QRYFkwW
gAAAAABn3zpYTWWGQF5Kmi1LM5PYXi63eCroROjic_OtCWKEK9BNcMbQX8ZfvELPrA6FDVSDxCoVGaIB1E7L-NYGKA-iUw8ibRVEoTM63IuKWwvQf0ol-nSVgML_u14IKhu8S4RfSsBW
gAAAAABn4Enp_pnbgKF6OUWGvuM5Zgpg0mzHpTgIYuwFycT9ID3LC-4E9ICdXyruLFitu0npGAbvLe3QL9dsyi7Q3AiRSw7cilwCROy5f9s_qJ53y8D_IK0fjnKTEIrJPJoiUNKMyzxO
gAAAAABn4Enx6u4rWSMEm5OEcx3CeMrCsaG0EgN5QzA1RjJZJPDorGGmmay0bxtebi6mvQTXbEnAEm6WxGCjFeoubkPxIPNYBWsc-JeUhC4CYxNTmrWJyNP6WxkzyutR2OV31rHyFff0
gAAAAABn4En4xdcoch8OdYKJN97QP9GTWm12WfOD2LDyxZ_qWUcMp3eS2zbgI4dJ6WZwQmSGmjE3BaUhbwXijWRpI8gI6DzrtBvgN_7nLUp-BN9YwrTvSVt-7LSLu7e38vPAby7Z7nL4
gAAAAABn4En90KdzSfKi9tR2wZWTBZTTr_GnpYJXYxVJb7PQ-bu_5ExQNl4BQwF40NBgYiyV_r0ckRRP4YLs_r_yD6jb150YCkYWQleqTlWt_AXRr6cqdYaNtWThVz6ZEz3f-Ynig4Jy
gAAAAABn4EoB1llMbspn1zTlefIkeWUeTY2aeWakyw5UxS82Vn3SCtwmc0nyk_vPC4vn7Rq-RDjPVDaI-9IxJ6kfoBCkZ9oMax7luqofOKLRtUx8rswVVg-shRq9yNpW7XA0xBoFTjHR
gAAAAABn4EtET-W-POOTMcGRbicjBllsGjPzIt1cDcPUmaIv5-RYjKdqxqGJSpdr43HcyVHQe51o7efNnz-Xq0QvsAJyR2KFdaWiTyDjengNA-KApdo0fFfU1kpwSAWQq2hmewwzG2Dd
gAAAAABn4EtVnECQp1MltkPOpB7_1El0egGwDRXlZvC8Y1k1p-6mH0wYZVUWbINhm5rYRcyXVAID7JosWIRlcYYgdxECmWW_N2LY4jWVoxP4EZHGJV8iYtrAFE2jM5amIGJiKZJAPHo3
gAAAAABn4EtsJNBhAnxpXD9wfM71i4vmGE6a9ZeYpm3OT2Zozv3qQZYTallkVM713Y5Xi0LoG_NRbs3O3Y3wZNAXY-lwEqTaujlsWOnSaLnFBrFtC25VhYllbgynPKvLaq4hSaxGPAKe
